"","Axis.1","Axis.2","Subject","Disease"
"SRR4457864",-0.141706231181234,0.276614342949525,1,"Control "
"SRR4457865",-0.185813098656334,-0.0985527862023234,2,"PCOS"
"SRR4457866",-0.261029809838947,-0.0730244258523158,3,"PCOS"
"SRR4457867",-0.245387282959171,0.00828457373800038,4,"PCOS"
"SRR4457868",-0.278990378133549,-0.0355578539526664,5,"PCOS"
"SRR4457869",0.226284614006822,-9.15495943344399e-05,6,"PCOS"
"SRR4457870",0.134447849450315,-0.115553991239645,7,"PCOS"
"SRR4457871",-0.0542180023992838,0.141915642222772,8,"PCOS"
"SRR4457872",0.234139584765674,0.0567039538840542,9,"PCOS"
"SRR4457873",-0.159529834465451,0.203228314326492,10,"Control"
"SRR4457874",-0.177268372707146,0.168696275531932,11,"PCOS"
"SRR4457875",-0.00771967730854928,-0.0676031458916545,12,"PCOS"
"SRR4457876",-0.00481748349565181,-0.102370374574825,13,"Control"
"SRR4457877",0.101585973651718,0.156291668852249,14,"Control"
"SRR4457878",-0.0731099683920154,-0.210178165951626,15,"Control"
"SRR4457879",0.293472081536305,0.142206340021904,16,"Control"
"SRR4457880",-0.177542765890477,0.0260814510770889,17,"Control"
"SRR4457881",0.140873502616468,-0.219821042203227,18,"Control"
"SRR4457882",-0.15150299203239,-0.073390202318757,19,"Control"
"SRR4457883",0.190856195112646,-0.138186696933535,20,"Control"
"SRR4457884",-0.0294108746273696,0.123911681668299,21,"Control"
"SRR4457885",0.0469453755030267,-0.104740532002872,22,"Control"
"SRR4457886",0.141124351265058,-0.0648512639490854,23,"Control"
"SRR4457887",-0.203861418229801,-0.107166465630024,24,"Control"
"SRR4457888",-0.139757722231749,0.374657869296136,25,"Control"
"SRR4457889",0.0316151802138368,-0.0837833447693639,26,"Control"
"SRR4457890",-0.201370288016756,-0.180707507096324,27,"Control"
"SRR4457891",0.149542596125609,0.108172090273346,28,"PCOS"
"SRR4457892",0.303008634376665,-0.0350737487634544,29,"PCOS"
"SRR4457893",0.258248274592181,-0.0264605643379355,30,"PCOS"
"SRR4457894",0.0217524505288645,-0.0991429919202205,31,"Control"
"SRR4457895",0.227709382217528,-0.106353967199298,32,"PCOS"
"SRR4457896",-0.271040684784819,0.0444890031547273,33,"PCOS"
"SRR4457897",0.192365182008909,0.185337505719931,34,"PCOS"
"SRR4457898",0.203802892465348,-0.0341357483432259,35,"PCOS"
"SRR4457899",0.258414337478904,-0.0126887436307617,36,"PCOS"
"SRR4457900",-0.143913803166376,0.202591282314897,37,"PCOS"
"SRR4457901",0.137451542771926,0.0211700168897887,38,"PCOS"
"SRR4457902",-0.00451633425989378,0.273218058229117,39,"PCOS"
"SRR4457903",-0.247294532381662,-0.178868722331508,40,"PCOS"
"SRR4457904",-0.293228202651898,-0.118336041789958,41,"PCOS"
"SRR4457905",0.10437602091155,-0.0883788649051155,42,"PCOS"
"SRR4457906",-0.115364864550261,-0.186403137551414,43,"Control "
"SRR5330825",0.170378600761432,0.047851808785208,44,"Mock"
